tick=0 ko+- interacting player -> none
tick=0 ko+- animation player anim=-1 pose=-1
tick=0 ko+- animation player anim=-1 pose=808
tick=0 ko+- animation Bandit#28416(id=735) anim=-1 pose=808
tick=0 ko+- animation Bandit#28420(id=737) anim=-1 pose=808
tick=0 ko+- animation Bandit#28428(id=737) anim=-1 pose=808
tick=0 ko+- animation Bandit#28432(id=735) anim=-1 pose=808
tick=0 ko+- animation Bandit#28434(id=735) anim=-1 pose=808
tick=0 ko+- animation Bandit#28440(id=737) anim=-1 pose=808
tick=0 ko+- animation Bandit#28441(id=735) anim=-1 pose=808
tick=0 ko+- animation Bandit#28414(id=735) anim=-1 pose=808
tick=0 ko+- animation Bandit#28415(id=737) anim=-1 pose=808
tick=49 ko+- chat type=SPAM matched=false msg="Your blow only glances off the bandit's head."
tick=49 ko+- interacting player -> Bandit#28415(id=737)
tick=49 ko+- animation player anim=401 pose=808
tick=49 ko+- overhead Bandit#28415(id=737) text="I'll kill you for that!"
tick=50 ko+- graphic player graphic=245
tick=50 ko+- hitsplat player amount=4
tick=50 ko+- interacting player -> none
tick=50 ko+- interacting Bandit#28415(id=737) -> player
tick=50 ko+- animation Bandit#28415(id=737) anim=395 pose=808
tick=51 ko+- animation player anim=-1 pose=823
tick=52 ko+- animation Bandit#28415(id=737) anim=-1 pose=808
tick=52 ko+- interacting player -> Bandit#28415(id=737)
tick=52 ko+- animation player anim=401 pose=808
tick=52 ko+- animation Bandit#28415(id=737) anim=838 pose=808
tick=53 ko+- chat type=SPAM matched=true msg="You smack the bandit over the head and render them unconscious."
tick=53 ko+0 KNOCKOUT target=Bandit#28415(id=737) (interacting=Bandit#28415(id=737)) anim=838 pose=808 duration=4 wakeTick=57
tick=53 ko+0 interacting player -> none
tick=53 ko+0 overhead Bandit#28415(id=737) text="Zzzzzz"
tick=53 ko+0 interacting Bandit#28415(id=737) -> none
tick=54 ko+1 animation player anim=-1 pose=808
tick=55 ko+2 chat type=SPAM matched=false msg="You attempt to pick the bandit's pocket."
tick=55 ko+2 interacting player -> Bandit#28415(id=737)
tick=56 ko+3 chat type=SPAM matched=false msg="You pick the bandit's pocket."
tick=56 ko+3 interacting player -> none
tick=56 ko+3 animation player anim=827 pose=808
tick=57 ko+4 countdown expired, plugin now shows Bandit#28415(id=737) as awake
tick=58 ko+5 animation player anim=-1 pose=808
tick=58 ko+5 overhead Bandit#28415(id=737) text="Arghh my head."
tick=58 ko+5 animation Bandit#28415(id=737) anim=808 pose=808
tick=59 ko+6 interacting player -> Bandit#28415(id=737)
tick=59 ko+6 animation player anim=401 pose=808
tick=59 ko+6 animation Bandit#28415(id=737) anim=838 pose=808
tick=60 ko+7 chat type=SPAM matched=true msg="You smack the bandit over the head and render them unconscious."
tick=60 ko+7 previous knockout was 7 ticks ago
tick=60 ko+0 KNOCKOUT target=Bandit#28415(id=737) (interacting=Bandit#28415(id=737)) anim=838 pose=808 duration=4 wakeTick=64
tick=60 ko+0 interacting player -> none
tick=60 ko+0 overhead Bandit#28415(id=737) text="Zzzzzz"
tick=61 ko+1 animation player anim=-1 pose=808
tick=61 ko+1 chat type=SPAM matched=false msg="You attempt to pick the bandit's pocket."
tick=61 ko+1 interacting player -> Bandit#28415(id=737)
tick=62 ko+2 chat type=SPAM matched=false msg="You pick the bandit's pocket."
tick=62 ko+2 interacting player -> none
tick=62 ko+2 animation player anim=827 pose=808
tick=64 ko+4 animation player anim=-1 pose=808
tick=64 ko+4 countdown expired, plugin now shows Bandit#28415(id=737) as awake
tick=65 ko+5 chat type=SPAM matched=false msg="Your blow only glances off the bandit's head."
tick=65 ko+5 interacting player -> Bandit#28415(id=737)
tick=65 ko+5 animation player anim=401 pose=808
tick=65 ko+5 overhead Bandit#28415(id=737) text="I'll kill you for that!"
tick=65 ko+5 animation Bandit#28415(id=737) anim=808 pose=808
tick=66 ko+6 graphic player graphic=245
tick=66 ko+6 hitsplat player amount=4
tick=66 ko+6 interacting player -> none
tick=66 ko+6 interacting Bandit#28415(id=737) -> player
tick=66 ko+6 animation Bandit#28415(id=737) anim=395 pose=808
tick=67 ko+7 animation player anim=-1 pose=808
tick=68 ko+8 animation Bandit#28415(id=737) anim=-1 pose=808
tick=68 ko+8 interacting player -> Bandit#28415(id=737)
tick=68 ko+8 animation player anim=401 pose=808
tick=68 ko+8 animation Bandit#28415(id=737) anim=838 pose=808
tick=69 ko+9 chat type=SPAM matched=true msg="You smack the bandit over the head and render them unconscious."
tick=69 ko+9 previous knockout was 9 ticks ago
tick=69 ko+0 KNOCKOUT target=Bandit#28415(id=737) (interacting=Bandit#28415(id=737)) anim=838 pose=808 duration=4 wakeTick=73
tick=69 ko+0 interacting player -> none
tick=69 ko+0 overhead Bandit#28415(id=737) text="Zzzzzz"
tick=69 ko+0 interacting Bandit#28415(id=737) -> none
tick=70 ko+1 animation player anim=-1 pose=808
tick=70 ko+1 chat type=GAMEMESSAGE matched=false msg="I can't do that. They're unconscious."
tick=70 ko+1 interacting player -> Bandit#28415(id=737)
tick=71 ko+2 interacting player -> none
tick=72 ko+3 chat type=SPAM matched=false msg="You attempt to pick the bandit's pocket."
tick=72 ko+3 interacting player -> Bandit#28415(id=737)
tick=73 ko+4 chat type=SPAM matched=false msg="You pick the bandit's pocket."
tick=73 ko+4 interacting player -> none
tick=73 ko+4 animation player anim=827 pose=808
tick=73 ko+4 countdown expired, plugin now shows Bandit#28415(id=737) as awake
tick=74 ko+5 overhead Bandit#28415(id=737) text="Arghh my head."
tick=74 ko+5 animation Bandit#28415(id=737) anim=808 pose=808
tick=75 ko+6 animation player anim=-1 pose=808
tick=75 ko+6 interacting player -> Bandit#28415(id=737)
tick=75 ko+6 animation player anim=401 pose=808
tick=75 ko+6 animation Bandit#28415(id=737) anim=838 pose=808
tick=76 ko+7 chat type=SPAM matched=true msg="You smack the bandit over the head and render them unconscious."
tick=76 ko+7 previous knockout was 7 ticks ago
tick=76 ko+0 KNOCKOUT target=Bandit#28415(id=737) (interacting=Bandit#28415(id=737)) anim=838 pose=808 duration=4 wakeTick=80
tick=76 ko+0 interacting player -> none
tick=76 ko+0 overhead Bandit#28415(id=737) text="Zzzzzz"
tick=77 ko+1 animation player anim=-1 pose=808
tick=77 ko+1 chat type=SPAM matched=false msg="You attempt to pick the bandit's pocket."
tick=77 ko+1 interacting player -> Bandit#28415(id=737)
tick=78 ko+2 chat type=SPAM matched=false msg="You pick the bandit's pocket."
tick=78 ko+2 interacting player -> none
tick=78 ko+2 animation player anim=827 pose=808
tick=80 ko+4 animation player anim=-1 pose=808
tick=80 ko+4 countdown expired, plugin now shows Bandit#28415(id=737) as awake
tick=81 ko+5 interacting player -> Bandit#28415(id=737)
tick=81 ko+5 animation player anim=401 pose=808
tick=81 ko+5 overhead Bandit#28415(id=737) text="Arghh my head."
tick=82 ko+6 chat type=SPAM matched=true msg="You smack the bandit over the head and render them unconscious."
tick=82 ko+6 previous knockout was 6 ticks ago
tick=82 ko+0 KNOCKOUT target=Bandit#28415(id=737) (interacting=Bandit#28415(id=737)) anim=838 pose=808 duration=4 wakeTick=86
tick=82 ko+0 interacting player -> none
tick=82 ko+0 overhead Bandit#28415(id=737) text="Zzzzzz"
tick=83 ko+1 animation player anim=-1 pose=808
tick=83 ko+1 chat type=SPAM matched=false msg="You attempt to pick the bandit's pocket."
tick=83 ko+1 interacting player -> Bandit#28415(id=737)
tick=84 ko+2 chat type=SPAM matched=false msg="You pick the bandit's pocket."
tick=84 ko+2 interacting player -> none
tick=84 ko+2 animation player anim=827 pose=808
tick=86 ko+4 animation player anim=-1 pose=808
tick=86 ko+4 countdown expired, plugin now shows Bandit#28415(id=737) as awake
tick=87 ko+5 interacting player -> Bandit#28415(id=737)
tick=87 ko+5 animation player anim=401 pose=808
tick=87 ko+5 overhead Bandit#28415(id=737) text="Arghh my head."
tick=88 ko+6 chat type=SPAM matched=true msg="You smack the bandit over the head and render them unconscious."
tick=88 ko+6 previous knockout was 6 ticks ago
tick=88 ko+0 KNOCKOUT target=Bandit#28415(id=737) (interacting=Bandit#28415(id=737)) anim=838 pose=808 duration=4 wakeTick=92
tick=88 ko+0 interacting player -> none
tick=88 ko+0 overhead Bandit#28415(id=737) text="Zzzzzz"
tick=89 ko+1 animation player anim=-1 pose=808
tick=90 ko+2 chat type=SPAM matched=false msg="You attempt to pick the bandit's pocket."
tick=90 ko+2 interacting player -> Bandit#28415(id=737)
tick=91 ko+3 chat type=SPAM matched=false msg="You pick the bandit's pocket."
tick=91 ko+3 interacting player -> none
tick=91 ko+3 animation player anim=827 pose=808
tick=92 ko+4 countdown expired, plugin now shows Bandit#28415(id=737) as awake
tick=93 ko+5 animation player anim=-1 pose=808
tick=93 ko+5 interacting player -> Bandit#28415(id=737)
tick=93 ko+5 animation player anim=401 pose=808
tick=93 ko+5 overhead Bandit#28415(id=737) text="Arghh my head."
tick=94 ko+6 chat type=SPAM matched=true msg="You smack the bandit over the head and render them unconscious."
tick=94 ko+6 previous knockout was 6 ticks ago
tick=94 ko+0 KNOCKOUT target=Bandit#28415(id=737) (interacting=Bandit#28415(id=737)) anim=838 pose=808 duration=4 wakeTick=98
tick=94 ko+0 interacting player -> none
tick=94 ko+0 overhead Bandit#28415(id=737) text="Zzzzzz"
tick=95 ko+1 animation player anim=-1 pose=808
tick=95 ko+1 chat type=SPAM matched=false msg="You attempt to pick the bandit's pocket."
tick=95 ko+1 interacting player -> Bandit#28415(id=737)
tick=96 ko+2 chat type=SPAM matched=false msg="You pick the bandit's pocket."
tick=96 ko+2 interacting player -> none
tick=96 ko+2 animation player anim=827 pose=808
tick=98 ko+4 animation player anim=-1 pose=808
tick=98 ko+4 countdown expired, plugin now shows Bandit#28415(id=737) as awake
tick=99 ko+5 chat type=SPAM matched=false msg="Your blow only glances off the bandit's head."
tick=99 ko+5 interacting player -> Bandit#28415(id=737)
tick=99 ko+5 animation player anim=401 pose=808
tick=99 ko+5 overhead Bandit#28415(id=737) text="I'll kill you for that!"
tick=99 ko+5 animation Bandit#28415(id=737) anim=808 pose=808
tick=100 ko+6 graphic player graphic=245
tick=100 ko+6 hitsplat player amount=4
tick=100 ko+6 interacting player -> none
tick=100 ko+6 interacting Bandit#28415(id=737) -> player
tick=100 ko+6 animation Bandit#28415(id=737) anim=395 pose=808
tick=100 ko+6 pose Bandit#28415(id=737) pose=819 (was 808)
tick=101 ko+7 animation player anim=-1 pose=808
tick=102 ko+8 animation Bandit#28415(id=737) anim=-1 pose=808
tick=102 ko+8 interacting player -> Bandit#28415(id=737)
tick=102 ko+8 animation player anim=401 pose=808
tick=102 ko+8 animation Bandit#28415(id=737) anim=838 pose=808
tick=102 ko+8 pose Bandit#28415(id=737) pose=808 (was 819)
tick=103 ko+9 chat type=SPAM matched=true msg="You smack the bandit over the head and render them unconscious."
tick=103 ko+9 previous knockout was 9 ticks ago
tick=103 ko+0 KNOCKOUT target=Bandit#28415(id=737) (interacting=Bandit#28415(id=737)) anim=838 pose=808 duration=4 wakeTick=107
tick=103 ko+0 interacting player -> none
tick=103 ko+0 overhead Bandit#28415(id=737) text="Zzzzzz"
tick=103 ko+0 interacting Bandit#28415(id=737) -> none
tick=104 ko+1 animation player anim=-1 pose=808
tick=105 ko+2 interacting player -> none
tick=106 ko+3 chat type=SPAM matched=false msg="You attempt to pick the bandit's pocket."
tick=106 ko+3 interacting player -> Bandit#28415(id=737)
tick=107 ko+4 chat type=SPAM matched=false msg="You pick the bandit's pocket."
tick=107 ko+4 interacting player -> none
tick=107 ko+4 animation player anim=827 pose=819
tick=107 ko+4 countdown expired, plugin now shows Bandit#28415(id=737) as awake
tick=108 ko+5 overhead Bandit#28415(id=737) text="Arghh my head."
tick=108 ko+5 animation Bandit#28415(id=737) anim=808 pose=808
tick=109 ko+6 animation player anim=-1 pose=808
tick=110 ko+7 interacting player -> Bandit#28415(id=737)
tick=110 ko+7 animation player anim=401 pose=808
tick=110 ko+7 animation Bandit#28415(id=737) anim=838 pose=808
tick=111 ko+8 chat type=SPAM matched=true msg="You smack the bandit over the head and render them unconscious."
tick=111 ko+8 previous knockout was 8 ticks ago
tick=111 ko+0 KNOCKOUT target=Bandit#28415(id=737) (interacting=Bandit#28415(id=737)) anim=838 pose=808 duration=4 wakeTick=115
tick=111 ko+0 interacting player -> none
tick=111 ko+0 overhead Bandit#28415(id=737) text="Zzzzzz"
tick=112 ko+1 animation player anim=-1 pose=808
tick=112 ko+1 chat type=SPAM matched=false msg="You attempt to pick the bandit's pocket."
tick=112 ko+1 interacting player -> Bandit#28415(id=737)
tick=113 ko+2 chat type=SPAM matched=false msg="You pick the bandit's pocket."
tick=113 ko+2 interacting player -> none
tick=113 ko+2 animation player anim=827 pose=808
tick=115 ko+4 animation player anim=-1 pose=808
tick=115 ko+4 countdown expired, plugin now shows Bandit#28415(id=737) as awake
tick=116 ko+5 interacting player -> Bandit#28415(id=737)
tick=116 ko+5 animation player anim=401 pose=808
tick=116 ko+5 overhead Bandit#28415(id=737) text="Arghh my head."
tick=117 ko+6 chat type=SPAM matched=true msg="You smack the bandit over the head and render them unconscious."
tick=117 ko+6 previous knockout was 6 ticks ago
tick=117 ko+0 KNOCKOUT target=Bandit#28415(id=737) (interacting=Bandit#28415(id=737)) anim=838 pose=808 duration=4 wakeTick=121
tick=117 ko+0 interacting player -> none
tick=117 ko+0 overhead Bandit#28415(id=737) text="Zzzzzz"
tick=118 ko+1 animation player anim=-1 pose=808
tick=118 ko+1 chat type=SPAM matched=false msg="You attempt to pick the bandit's pocket."
tick=118 ko+1 interacting player -> Bandit#28415(id=737)
tick=119 ko+2 chat type=SPAM matched=false msg="You pick the bandit's pocket."
tick=119 ko+2 interacting player -> none
tick=119 ko+2 animation player anim=827 pose=808
tick=121 ko+4 animation player anim=-1 pose=808
tick=121 ko+4 countdown expired, plugin now shows Bandit#28415(id=737) as awake
tick=122 ko+5 chat type=SPAM matched=false msg="Your blow only glances off the bandit's head."
tick=122 ko+5 interacting player -> Bandit#28415(id=737)
tick=122 ko+5 animation player anim=401 pose=808
tick=122 ko+5 overhead Bandit#28415(id=737) text="I'll kill you for that!"
tick=122 ko+5 animation Bandit#28415(id=737) anim=808 pose=808
tick=123 ko+6 graphic player graphic=245
tick=123 ko+6 hitsplat player amount=4
tick=123 ko+6 interacting player -> none
tick=123 ko+6 interacting Bandit#28415(id=737) -> player
tick=123 ko+6 animation Bandit#28415(id=737) anim=395 pose=808
tick=123 ko+6 pose Bandit#28415(id=737) pose=819 (was 808)
tick=124 ko+7 animation player anim=-1 pose=808
tick=124 ko+7 pose Bandit#28415(id=737) pose=808 (was 819)
tick=125 ko+8 animation Bandit#28415(id=737) anim=-1 pose=808
tick=126 ko+9 chat type=GAMEMESSAGE matched=false msg="You can't knock-out the bandit during combat."
tick=126 ko+9 hitsplat player amount=0
tick=126 ko+9 interacting player -> Bandit#28415(id=737)
tick=126 ko+9 animation player anim=1156 pose=808
tick=126 ko+9 animation Bandit#28415(id=737) anim=395 pose=808
tick=127 ko+10 chat type=GAMEMESSAGE matched=false msg="You can't knock-out the bandit during combat."
tick=128 ko+11 animation Bandit#28415(id=737) anim=-1 pose=808
tick=128 ko+11 chat type=GAMEMESSAGE matched=false msg="You can't knock-out the bandit during combat."
tick=129 ko+12 animation player anim=-1 pose=808
tick=129 ko+12 chat type=GAMEMESSAGE matched=false msg="You can't knock-out the bandit during combat."
tick=130 ko+13 chat type=GAMEMESSAGE matched=false msg="You can't knock-out the bandit during combat."
tick=130 ko+13 hitsplat player amount=0
tick=130 ko+13 animation player anim=1156 pose=808
tick=130 ko+13 animation Bandit#28415(id=737) anim=395 pose=808
tick=131 ko+14 interacting player -> none
tick=132 ko+15 animation Bandit#28415(id=737) anim=-1 pose=808
tick=132 ko+15 interacting Bandit#28415(id=737) -> player
tick=132 ko+15 pose Bandit#28415(id=737) pose=819 (was 808)
tick=133 ko+16 animation player anim=-1 pose=824
tick=133 ko+16 interacting player -> none
tick=133 ko+16 interacting Bandit#28415(id=737) -> player
tick=134 ko+17 pose Bandit#28415(id=737) pose=808 (was 819)
tick=136 ko+19 interacting player -> Bandit#28415(id=737)
tick=136 ko+19 animation player anim=401 pose=808
tick=136 ko+19 animation Bandit#28415(id=737) anim=398 pose=808
tick=137 ko+20 hitsplat player amount=0
tick=137 ko+20 hitsplat Bandit#28415(id=737) amount=6
tick=137 ko+20 interacting Bandit#28415(id=737) -> player
tick=137 ko+20 animation Bandit#28415(id=737) anim=395 pose=819
tick=137 ko+20 pose Bandit#28415(id=737) pose=819 (was 808)
tick=138 ko+21 animation player anim=-1 pose=808
tick=139 ko+22 animation Bandit#28415(id=737) anim=-1 pose=808
tick=140 ko+23 animation player anim=401 pose=808
tick=140 ko+23 animation Bandit#28415(id=737) anim=398 pose=808
tick=141 ko+24 hitsplat player amount=0
tick=141 ko+24 hitsplat Bandit#28415(id=737) amount=11
tick=141 ko+24 animation Bandit#28415(id=737) anim=395 pose=808
tick=142 ko+25 animation player anim=-1 pose=808
tick=143 ko+26 animation Bandit#28415(id=737) anim=-1 pose=808
tick=144 ko+27 animation player anim=401 pose=808
tick=144 ko+27 animation Bandit#28415(id=737) anim=398 pose=808
tick=145 ko+28 hitsplat player amount=0
tick=145 ko+28 hitsplat Bandit#28415(id=737) amount=6
tick=145 ko+28 animation Bandit#28415(id=737) anim=395 pose=808
tick=146 ko+29 animation player anim=-1 pose=808
tick=147 ko+30 animation Bandit#28415(id=737) anim=-1 pose=808
tick=148 ko+31 animation player anim=401 pose=808
tick=148 ko+31 graphic Bandit#28415(id=737) graphic=348
tick=148 ko+31 animation Bandit#28415(id=737) anim=398 pose=808
tick=149 ko+32 hitsplat Bandit#28415(id=737) amount=7
tick=150 ko+33 animation player anim=-1 pose=808
tick=150 ko+33 interacting player -> none
tick=150 ko+33 interacting Bandit#28415(id=737) -> none
tick=150 ko+33 animation Bandit#28415(id=737) anim=836 pose=808
tick=152 ko+35 despawn Bandit#28415(id=737)
tick=201 ko+84 animation Bandit#28415(id=737) anim=-1 pose=-1
